[{"header":{"id":"foo","schema_id":{"namespace":"omh","name":"physical-activity","version":{"major":1,"minor":0,"qualifier":"null"}},"creation_date_time":"2013-02-05T07:25Z","test man":"man test","acquisition_provenance":{"source_name":"RunKeeper","source_creation_date_time":"null","modality":"sensed"},"media":[{"1":"man"},{"2":"side"},{"3":"fdsf"}],"mediaempty":[ ],"objectempty":{ },"creation_date_time_epoch_milli":1360049100000},"body":{"activity_name":"walking","distance":{"value":1.5,"unit":"mi"},"reported_activity_intensity":"moderate","effective_time_frame":{"time_interval":{"date":"2013-02-05","part_of_day":"morning"}}}}]